https://dockermastery.slack.com/messages/DHGN9TKMJ/

udemy notes for docker-mastery course

++19. Checking our Docker install and config++

Nginx (web server) container
-makes it easy to learn docker stuff

$docker info
-gives us info on our docker

$docker container run
-this is the new way to run docker container
-old way is $docker run

image vs Container

an image is the app you want to run
container is an instance of the image running as a process
docker hub

docker container run --publish 80:80 nginx
-downloads nginx from docker hub
-start a new container of that image
-opens the local host

$ sudo docker container run --publish 80:80 --detach nginx


$ sudo docker container ls

$ sudo docker container ls
CONTAINER ID        IMAGE               COMMAND                  CREATED              STATUS              PORTS                NAMES
ad1df56e92df        nginx               "nginx -g 'daemon of…"   About a minute ago   Up About a minute   0.0.0.0:80->80/tcp   suspicious_nightingale
avwong13@avwong13:~/udemy-docker-mastery$ sudo docker container ls -a
CONTAINER ID        IMAGE               COMMAND                  CREATED              STATUS                     PORTS                NAMES
22f59b3f689b        nginx               "nginx -g 'daemon of…"   About a minute ago   Created                                         webhost
ad1df56e92df        nginx               "nginx -g 'daemon of…"   2 minutes ago        Up 2 minutes               0.0.0.0:80->80/tcp   suspicious_nightingale
6369fb6bebf2        nginx               "nginx -g 'daemon of…"   3 minutes ago        Exited (0) 2 minutes ago                        determined_elion
4eab28f4ac02        nginx               "nginx -g 'daemon of…"   5 minutes ago        Exited (0) 3 minutes ago                        wonderful_varahamihira
3cf841f5841d        nginx               "nginx -g 'daemon of…"   9 minutes ago        Exited (0) 5 minutes ago                        brave_hugle
d1e085e5ccb9        hello-world         "/hello"                 18 hours ago         Exited (0) 18 hours ago                         suspicious_roentgen
$ docker container stop ad1

-if you want to stop the docker use docker container ls to see you process id
-then run the stop command with the processid (only need the first few digits for it to be unique)

avwong13@avwong13:~/udemy-docker-mastery$ sudo docker container run --publish 80:80 --detach --name webhost2 nginx
950d1cf9403ba3eb440b29c7bc636f28ede2c356214259169e5faa2fd28d6226
avwong13@avwong13:~/udemy-docker-mastery$ docker ls
docker: 'ls' is not a docker command.
See 'docker --help'
avwong13@avwong13:~/udemy-docker-mastery$ sudo docker ls
docker: 'ls' is not a docker command.
See 'docker --help'
avwong13@avwong13:~/udemy-docker-mastery$ docker container logs webhost2
Got permission denied while trying to connect to the Docker daemon socket at unix:///var/run/docker.sock: Get http://%2Fvar%2Frun%2Fdocker.sock/v1.39/containers/webhost2/logs?stderr=1&stdout=1&tail=all: dial unix /var/run/docker.sock: connect: permission denied
avwong13@avwong13:~/udemy-docker-mastery$ sudo docker container logs webhost2
172.17.0.1 - - [01/Apr/2019:00:57:48 +0000] "HEAD / HTTP/1.1" 200 0 "-" "Mozilla/5.0 (X11; Linux x86_64) AppleWebKit/537.36 (KHTML, like Gecko) Chrome/73.0.3683.75 Safari/537.36" "-"
172.17.0.1 - - [01/Apr/2019:00:57:48 +0000] "HEAD / HTTP/1.1" 200 0 "-" "Mozilla/5.0 (X11; Linux x86_64) AppleWebKit/537.36 (KHTML, like Gecko) Chrome/73.0.3683.75 Safari/537.36" "-"
avwong13@avwong13:~/udemy-docker-mastery$ docker container top
"docker container top" requires at least 1 argument.
See 'docker container top --help'.

Usage:  docker container top CONTAINER [ps OPTIONS]

Display the running processes of a container
avwong13@avwong13:~/udemy-docker-mastery$ sudo docker container top
"docker container top" requires at least 1 argument.
See 'docker container top --help'.

Usage:  docker container top CONTAINER [ps OPTIONS]

Display the running processes of a container
avwong13@avwong13:~/udemy-docker-mastery$ sudo docker container top webhost2
UID                 PID                 PPID                C                   STIME               TTY                 TIME                CMD
root                31153               31135               0                   17:57               ?                   00:00:00            nginx: master process nginx -g daemon off;
systemd+            31189               31153               0                   17:57               ?                   00:00:00            nginx: worker process
avwong13@avwong13:~/udemy-docker-mastery$


--this is to show running docker containers


avwong13@avwong13:~/udemy-docker-mastery$ sudo docker container ls
CONTAINER ID        IMAGE               COMMAND                  CREATED              STATUS              PORTS                NAMES
950d1cf9403b        nginx               "nginx -g 'daemon of…"   About a minute ago   Up About a minute   0.0.0.0:80->80/tcp   webhost2
avwong13@avwong13:~/udemy-docker-mastery$ docker container rm -f 950
Got permission denied while trying to connect to the Docker daemon socket at unix:///var/run/docker.sock: Delete http://%2Fvar%2Frun%2Fdocker.sock/v1.39/containers/950?force=1: dial unix /var/run/docker.sock: connect: permission denied
avwong13@avwong13:~/udemy-docker-mastery$ sudo docker container rm -f 950
950
avwong13@avwong13:~/udemy-docker-mastery$ sudo docker container ls
CONTAINER ID        IMAGE               COMMAND             CREATED             STATUS              PORTS               NAMES

--now i am removing the docker container webhost2

++21. Debrief: What Happens When We Run a Container++

looks for that image locally in image cache, doesnt find anything
then looks in remote image repository (docker hub)
downloads latest version (nginx:latest by default)
creates a new container based on that image and prepares to start
gives it a virtual ip on a private network inside the docker engine
opens up port 80 on host and forwards to port 80 in containers
start container by using the CMD in the image Dockerfile

*+* docker container run --publish 8080:80 --name webhost -d nginx:1.11 nginx -T

1.11 --> change version of IMAGE
-T --> change CMD run on start
8080:80 --> change host listening port

++22. Container vs. VM: Its the process ++
dockers are really just processes

$ sudo docker run --name mongo -d mongo

$ sudo docker top mongo
UID                 PID                 PPID                C                   STIME               TTY                 TIME                CMD
999                 31821               31800               1                   18:07               ?                   00:00:01            mongod --bind_ip_all
avwong13@avwong13:~/udemy-docker-mastery$ ps
  PID TTY          TIME CMD
26896 pts/4    00:00:00 bash
32007 pts/4    00:00:00 ps
avwong13@avwong13:~/udemy-docker-mastery$ sudo ps
  PID TTY          TIME CMD
32013 pts/4    00:00:00 sudo
32014 pts/4    00:00:00 ps
avwong13@avwong13:~/udemy-docker-mastery$ sudo docker stop mongo
mongo
avwong13@avwong13:~/udemy-docker-mastery$ sudo docker ls
docker: 'ls' is not a docker command.
See 'docker --help'
avwong13@avwong13:~/udemy-docker-mastery$ sudo docker ps
CONTAINER ID        IMAGE               COMMAND             CREATED             STATUS              PORTS               NAMES

$ ps aux | grep mongo
avwong13 32138  0.0  0.0  14224   968 pts/4    S+   18:11   0:00 grep --color=auto mongo

--this command looks for process with mongo
--lets now below start mongo again and use ps aux
$ sudo docker ps
CONTAINER ID        IMAGE               COMMAND                  CREATED             STATUS              PORTS               NAMES
1733fc79806e        mongo               "docker-entrypoint.s…"   5 minutes ago       Up 3 seconds        27017/tcp           mongo
avwong13@avwong13:~/udemy-docker-mastery$ ps aux | grep mongo
999      32200 13.3  0.9 1095764 75832 ?       Ssl  18:12   0:01 mongod --bind_ip_all
avwong13 32308  0.0  0.0  14224   960 pts/4    S+   18:12   0:00 grep --color=auto mongo



++24. Assignment:Mangage Multiple containers
docs.docker.com and --help
run a nginx, mysql, httpd
run all of them --detach(or -d), name them with --name
nginx should listen on 80:80, httpd on 8080:80, mysql on 3306:3306
when running mysql, use the --env(or -e) to pass in MYSQL_RANDOM_ROOT_PASSWORD=yes

use docker container logs on mysql to find the random MYSQL_RANDOM_ROOT_PASSWORD
clean it all up with
docker container stop and docker container rm   (both can accept multiple names or ID's)
use docker container ls to check


$ sudo docker container run --publish 80:80 --detach --name c1 nginx
$ sudo docker container run --publish 8080:80 --detach --name c2 httpd
$sudo docker container run -d -p 3306:3306 --name c3 -e MYSQL_RANDOM_ROOT_PASSWORD=yes mysql
$sudo docker container logs c3 | grep PASSWORD

$ sudo docker container ls
CONTAINER ID        IMAGE               COMMAND                  CREATED             STATUS              PORTS                               NAMES
b11df1035d6d        mysql               "docker-entrypoint.s…"   4 minutes ago       Up 3 minutes        0.0.0.0:3306->3306/tcp, 33060/tcp   c3
eff5ef3783e3        httpd               "httpd-foreground"       15 minutes ago      Up 15 minutes       0.0.0.0:8080->80/tcp                c2
bf632191458d        nginx               "nginx -g 'daemon of…"   17 minutes ago      Up 17 minutes       0.0.0.0:80->80/tcp                  c1

$ curl localhost:8080
<html><body><h1>It works!</h1></body></html>

$ sudo docker container ls
CONTAINER ID        IMAGE               COMMAND             CREATED             STATUS              PORTS               NAMES
avwong13@avwong13:~/udemy-docker-mastery$ sudo docker container ps
CONTAINER ID        IMAGE               COMMAND             CREATED             STATUS              PORTS               NAMES
avwong13@avwong13:~/udemy-docker-mastery$ sudo docker container ps -a
CONTAINER ID        IMAGE               COMMAND                  CREATED             STATUS                         PORTS               NAMES
b11df1035d6d        mysql               "docker-entrypoint.s…"   6 minutes ago       Exited (0) 34 seconds ago                          c3
eff5ef3783e3        httpd               "httpd-foreground"       17 minutes ago      Exited (0) 36 seconds ago                          c2
bf632191458d        nginx               "nginx -g 'daemon of…"   19 minutes ago      Exited (0) 36 seconds ago                          c1
1733fc79806e        mongo               "docker-entrypoint.s…"   37 minutes ago      Exited (0) 31 minutes ago                          mongo
22f59b3f689b        nginx               "nginx -g 'daemon of…"   About an hour ago   Created                                            webhost
ad1df56e92df        nginx               "nginx -g 'daemon of…"   About an hour ago   Exited (0) About an hour ago                       suspicious_nightingale
6369fb6bebf2        nginx               "nginx -g 'daemon of…"   About an hour ago   Exited (0) About an hour ago                       determined_elion
4eab28f4ac02        nginx               "nginx -g 'daemon of…"   About an hour ago   Exited (0) About an hour ago                       wonderful_varahamihira
3cf841f5841d        nginx               "nginx -g 'daemon of…"   About an hour ago   Exited (0) About an hour ago                       brave_hugle
d1e085e5ccb9        hello-world         "/hello"                 19 hours ago        Exited (0) 19 hours ago                            suspicious_roentgen
avwong13@avwong13:~/udemy-docker-mastery$ sudo docker rm b11 eff bf6
b11
eff
bf6
avwong13@avwong13:~/udemy-docker-mastery$ sudo docker container ps -a
CONTAINER ID        IMAGE               COMMAND                  CREATED             STATUS                         PORTS               NAMES
1733fc79806e        mongo               "docker-entrypoint.s…"   37 minutes ago      Exited (0) 31 minutes ago                          mongo
22f59b3f689b        nginx               "nginx -g 'daemon of…"   About an hour ago   Created                                            webhost
ad1df56e92df        nginx               "nginx -g 'daemon of…"   About an hour ago   Exited (0) About an hour ago                       suspicious_nightingale
6369fb6bebf2        nginx               "nginx -g 'daemon of…"   About an hour ago   Exited (0) About an hour ago                       determined_elion
4eab28f4ac02        nginx               "nginx -g 'daemon of…"   About an hour ago   Exited (0) About an hour ago                       wonderful_varahamihira
3cf841f5841d        nginx               "nginx -g 'daemon of…"   About an hour ago   Exited (0) About an hour ago                       brave_hugle
d1e085e5ccb9        hello-world         "/hello"                 19 hours ago        Exited (0) 19 hours ago                            suspicious_roentgen
avwong13@avwong13:~/udemy-docker-mastery$


++26. Whats Going On in Containers: CLI Process Monitering++

$ sudo docker container inspect mysql
--gives me a json array of the details of this container

$sudo docker container stats mysql
--gives me details on running container

++27 Getting a Shell Inside Containers++
